(stateless)
{
    id: "a" label: "moutain-part1" src: "src/png/tileset/04.png"
    id: "b" label: "moutain-part2" src: "src/png/tileset/05.png"
    id: "c" label: "moutain-part4" src: "src/png/tileset/06.png"
    id: "d" label: "moutain-part5" src: "src/png/tileset/07.png"
    id: "e" label: "moutain-part6" src: "src/png/tileset/08.png"
    id: "f" label: "moutain-part7" src: "src/png/tileset/09.png"

    id: "g" label: "cloud-part1" src: "src/png/tileset/16.png"
    id: "h" label: "cloud-part2" src: "src/png/tileset/15.png"
    id: "i" label: "cloud-part3" src: "src/png/tileset/14.png"
    id: "j" label: "cloud-part4" src: "src/png/tileset/19.png"
    id: "k" label: "cloud-part5" src: "src/png/tileset/18.png"
    id: "l" label: "cloud-part6" src: "src/png/tileset/17.png"
}
(collision)
{
    id: "0" label: "ground"     src: "src/png/tileset/00.png"
    id: "@" label: "wall"       src: "src/png/tileset/01.png"
    id: "#" label: "block"      src: "src/png/tileset/20.png"
    id: "1" label: "pipe-part1" src: "src/png/tileset/21.png"
    id: "2" label: "pipe-part2" src: "src/png/tileset/22.png"
    id: "3" label: "pipe-part3" src: "src/png/tileset/23.png"
    id: "4" label: "pipe-part4" src: "src/png/tileset/24.png"
}
(especial)
{
    id: "?" label: "block-especial" src: "src/png/tileset/03.png"
}

(map)
{
..................................................................................................................................................................................................................
..................................................................................................................................................................................................................
...................ghi..............ghhi...........................ghi..............ghhi.............................ghi..............ghhi..........................ghi...................................ghi.....
........ghi........jkl.....ghhhi....jkkl................ghi........jkl.....ghhhi....jkkl..................ghi........jkl.....ghhhi....jkkl................ghi.......jkl......ghhhi........................jkl.....
........jkl................jkkkl........................jkl................jkkkl..........................jkl................jkkkl........................jkl................jkkkl.............#..................
......................?.........................................................@@@@@@@@...@@@?................?...........@@@....@??@........................................................##..................
.............................................................................................................................................................................................###..................
............................................................................................................................................................................................####..................
................................................................?..........................................................................................................................#####..................
................?...@?@?@.....................12.........12..................@?@..............@.......@@....?..?..?.....@..........@@......#..#..........##..#............@@?@............######..................
..b...................................12......34..b......34.........................................b.....................................##..##....b...###..##..........................#######....b.............
.adc.............b..........12........34......34.adc.....34......b.................................adc...................................###..###..adc.####..###...b.12..............12.########...adc............
adefc...........adc.........34........34......34adefc....34.....adc...............................adefc.................................####..####adef#####..####.adc34..............34#########..adefc.#.........
000000000000000000000000000000000000000000000000000000000000000000000..000000000000000...000000000000000000000000000000000000000000000000000000000000000000..00000000000000000000000000000000000000000000000000000
000000000000000000000000000000000000000000000000000000000000000000000..000000000000000...000000000000000000000000000000000000000000000000000000000000000000..00000000000000000000000000000000000000000000000000000
}
